// Jest Snapshot v1, https://goo.gl/fbAQLP

exports[`should renders snapshot 1`] = `
<div>
  <div>
    Loading Page...
  </div>
</div>
`;
